# serializer version: 1
# name: test_all_entities[switch.mount_change_default_position-entry]
  EntityRegistryEntrySnapshot({
    'aliases': set({
    }),
    'area_id': None,
    'capabilities': None,
    'config_entry_id': <ANY>,
    'config_subentry_id': <ANY>,
    'device_class': None,
    'device_id': <ANY>,
    'disabled_by': None,
    'domain': 'switch',
    'entity_category': <EntityCategory.CONFIG: 'config'>,
    'entity_id': 'switch.mount_change_default_position',
    'has_entity_name': True,
    'hidden_by': None,
    'icon': None,
    'id': <ANY>,
    'labels': set({
    }),
    'name': None,
    'options': dict({
    }),
    'original_device_class': None,
    'original_icon': 'mdi:security',
    'original_name': 'Change default position',
    'platform': 'vogels_motion_mount_ble',
    'previous_unique_id': None,
    'suggested_object_id': None,
    'supported_features': 0,
    'translation_key': 'change_default_position',
    'unique_id': 'change_default_position',
    'unit_of_measurement': None,
  })
# ---
# name: test_all_entities[switch.mount_change_default_position-state]
  StateSnapshot({
    'attributes': ReadOnlyDict({
      'friendly_name': 'Mount Change default position',
      'icon': 'mdi:security',
    }),
    'context': <ANY>,
    'entity_id': 'switch.mount_change_default_position',
    'last_changed': <ANY>,
    'last_reported': <ANY>,
    'last_updated': <ANY>,
    'state': 'on',
  })
# ---
# name: test_all_entities[switch.mount_change_name-entry]
  EntityRegistryEntrySnapshot({
    'aliases': set({
    }),
    'area_id': None,
    'capabilities': None,
    'config_entry_id': <ANY>,
    'config_subentry_id': <ANY>,
    'device_class': None,
    'device_id': <ANY>,
    'disabled_by': None,
    'domain': 'switch',
    'entity_category': <EntityCategory.CONFIG: 'config'>,
    'entity_id': 'switch.mount_change_name',
    'has_entity_name': True,
    'hidden_by': None,
    'icon': None,
    'id': <ANY>,
    'labels': set({
    }),
    'name': None,
    'options': dict({
    }),
    'original_device_class': None,
    'original_icon': 'mdi:security',
    'original_name': 'Change name',
    'platform': 'vogels_motion_mount_ble',
    'previous_unique_id': None,
    'suggested_object_id': None,
    'supported_features': 0,
    'translation_key': 'change_name',
    'unique_id': 'change_name',
    'unit_of_measurement': None,
  })
# ---
# name: test_all_entities[switch.mount_change_name-state]
  StateSnapshot({
    'attributes': ReadOnlyDict({
      'friendly_name': 'Mount Change name',
      'icon': 'mdi:security',
    }),
    'context': <ANY>,
    'entity_id': 'switch.mount_change_name',
    'last_changed': <ANY>,
    'last_reported': <ANY>,
    'last_updated': <ANY>,
    'state': 'on',
  })
# ---
# name: test_all_entities[switch.mount_change_presets-entry]
  EntityRegistryEntrySnapshot({
    'aliases': set({
    }),
    'area_id': None,
    'capabilities': None,
    'config_entry_id': <ANY>,
    'config_subentry_id': <ANY>,
    'device_class': None,
    'device_id': <ANY>,
    'disabled_by': None,
    'domain': 'switch',
    'entity_category': <EntityCategory.CONFIG: 'config'>,
    'entity_id': 'switch.mount_change_presets',
    'has_entity_name': True,
    'hidden_by': None,
    'icon': None,
    'id': <ANY>,
    'labels': set({
    }),
    'name': None,
    'options': dict({
    }),
    'original_device_class': None,
    'original_icon': 'mdi:security',
    'original_name': 'Change presets',
    'platform': 'vogels_motion_mount_ble',
    'previous_unique_id': None,
    'suggested_object_id': None,
    'supported_features': 0,
    'translation_key': 'change_presets',
    'unique_id': 'change_presets',
    'unit_of_measurement': None,
  })
# ---
# name: test_all_entities[switch.mount_change_presets-state]
  StateSnapshot({
    'attributes': ReadOnlyDict({
      'friendly_name': 'Mount Change presets',
      'icon': 'mdi:security',
    }),
    'context': <ANY>,
    'entity_id': 'switch.mount_change_presets',
    'last_changed': <ANY>,
    'last_reported': <ANY>,
    'last_updated': <ANY>,
    'state': 'on',
  })
# ---
# name: test_all_entities[switch.mount_change_tv_on_off_detection-entry]
  EntityRegistryEntrySnapshot({
    'aliases': set({
    }),
    'area_id': None,
    'capabilities': None,
    'config_entry_id': <ANY>,
    'config_subentry_id': <ANY>,
    'device_class': None,
    'device_id': <ANY>,
    'disabled_by': None,
    'domain': 'switch',
    'entity_category': <EntityCategory.CONFIG: 'config'>,
    'entity_id': 'switch.mount_change_tv_on_off_detection',
    'has_entity_name': True,
    'hidden_by': None,
    'icon': None,
    'id': <ANY>,
    'labels': set({
    }),
    'name': None,
    'options': dict({
    }),
    'original_device_class': None,
    'original_icon': 'mdi:security',
    'original_name': 'Change tv on off detection',
    'platform': 'vogels_motion_mount_ble',
    'previous_unique_id': None,
    'suggested_object_id': None,
    'supported_features': 0,
    'translation_key': 'change_tv_on_off_detection',
    'unique_id': 'change_tv_on_off_detection',
    'unit_of_measurement': None,
  })
# ---
# name: test_all_entities[switch.mount_change_tv_on_off_detection-state]
  StateSnapshot({
    'attributes': ReadOnlyDict({
      'friendly_name': 'Mount Change tv on off detection',
      'icon': 'mdi:security',
    }),
    'context': <ANY>,
    'entity_id': 'switch.mount_change_tv_on_off_detection',
    'last_changed': <ANY>,
    'last_reported': <ANY>,
    'last_updated': <ANY>,
    'state': 'on',
  })
# ---
# name: test_all_entities[switch.mount_disable_channel-entry]
  EntityRegistryEntrySnapshot({
    'aliases': set({
    }),
    'area_id': None,
    'capabilities': None,
    'config_entry_id': <ANY>,
    'config_subentry_id': <ANY>,
    'device_class': None,
    'device_id': <ANY>,
    'disabled_by': None,
    'domain': 'switch',
    'entity_category': <EntityCategory.CONFIG: 'config'>,
    'entity_id': 'switch.mount_disable_channel',
    'has_entity_name': True,
    'hidden_by': None,
    'icon': None,
    'id': <ANY>,
    'labels': set({
    }),
    'name': None,
    'options': dict({
    }),
    'original_device_class': None,
    'original_icon': 'mdi:security',
    'original_name': 'Disable channel',
    'platform': 'vogels_motion_mount_ble',
    'previous_unique_id': None,
    'suggested_object_id': None,
    'supported_features': 0,
    'translation_key': 'disable_channel',
    'unique_id': 'disable_channel',
    'unit_of_measurement': None,
  })
# ---
# name: test_all_entities[switch.mount_disable_channel-state]
  StateSnapshot({
    'attributes': ReadOnlyDict({
      'friendly_name': 'Mount Disable channel',
      'icon': 'mdi:security',
    }),
    'context': <ANY>,
    'entity_id': 'switch.mount_disable_channel',
    'last_changed': <ANY>,
    'last_reported': <ANY>,
    'last_updated': <ANY>,
    'state': 'on',
  })
# ---
# name: test_all_entities[switch.mount_start_calibration-entry]
  EntityRegistryEntrySnapshot({
    'aliases': set({
    }),
    'area_id': None,
    'capabilities': None,
    'config_entry_id': <ANY>,
    'config_subentry_id': <ANY>,
    'device_class': None,
    'device_id': <ANY>,
    'disabled_by': None,
    'domain': 'switch',
    'entity_category': <EntityCategory.CONFIG: 'config'>,
    'entity_id': 'switch.mount_start_calibration',
    'has_entity_name': True,
    'hidden_by': None,
    'icon': None,
    'id': <ANY>,
    'labels': set({
    }),
    'name': None,
    'options': dict({
    }),
    'original_device_class': None,
    'original_icon': 'mdi:security',
    'original_name': 'Start calibration',
    'platform': 'vogels_motion_mount_ble',
    'previous_unique_id': None,
    'suggested_object_id': None,
    'supported_features': 0,
    'translation_key': 'start_calibration',
    'unique_id': 'start_calibration',
    'unit_of_measurement': None,
  })
# ---
# name: test_all_entities[switch.mount_start_calibration-state]
  StateSnapshot({
    'attributes': ReadOnlyDict({
      'friendly_name': 'Mount Start calibration',
      'icon': 'mdi:security',
    }),
    'context': <ANY>,
    'entity_id': 'switch.mount_start_calibration',
    'last_changed': <ANY>,
    'last_reported': <ANY>,
    'last_updated': <ANY>,
    'state': 'on',
  })
# ---
