# serializer version: 1
# name: test_all_entities[binary_sensor.mount_connection-entry]
  EntityRegistryEntrySnapshot({
    'aliases': set({
    }),
    'area_id': None,
    'capabilities': None,
    'config_entry_id': <ANY>,
    'config_subentry_id': <ANY>,
    'device_class': None,
    'device_id': <ANY>,
    'disabled_by': None,
    'domain': 'binary_sensor',
    'entity_category': None,
    'entity_id': 'binary_sensor.mount_connection',
    'has_entity_name': True,
    'hidden_by': None,
    'icon': None,
    'id': <ANY>,
    'labels': set({
    }),
    'name': None,
    'options': dict({
    }),
    'original_device_class': <BinarySensorDeviceClass.CONNECTIVITY: 'connectivity'>,
    'original_icon': 'mdi:wifi',
    'original_name': 'Connection',
    'platform': 'vogels_motion_mount_ble',
    'previous_unique_id': None,
    'suggested_object_id': None,
    'supported_features': 0,
    'translation_key': 'connection',
    'unique_id': 'connection',
    'unit_of_measurement': None,
  })
# ---
# name: test_all_entities[binary_sensor.mount_connection-state]
  StateSnapshot({
    'attributes': ReadOnlyDict({
      'device_class': 'connectivity',
      'friendly_name': 'Mount Connection',
      'icon': 'mdi:wifi',
    }),
    'context': <ANY>,
    'entity_id': 'binary_sensor.mount_connection',
    'last_changed': <ANY>,
    'last_reported': <ANY>,
    'last_updated': <ANY>,
    'state': 'on',
  })
# ---
