# serializer version: 1
# name: test_all_entities[button.mount_add_preset_0-entry]
  EntityRegistryEntrySnapshot({
    'aliases': set({
    }),
    'area_id': None,
    'capabilities': None,
    'config_entry_id': <ANY>,
    'config_subentry_id': <ANY>,
    'device_class': None,
    'device_id': <ANY>,
    'disabled_by': None,
    'domain': 'button',
    'entity_category': <EntityCategory.CONFIG: 'config'>,
    'entity_id': 'button.mount_add_preset_0',
    'has_entity_name': True,
    'hidden_by': None,
    'icon': None,
    'id': <ANY>,
    'labels': set({
    }),
    'name': None,
    'options': dict({
    }),
    'original_device_class': None,
    'original_icon': 'mdi:plus',
    'original_name': 'Add preset 0',
    'platform': 'vogels_motion_mount_ble',
    'previous_unique_id': None,
    'suggested_object_id': None,
    'supported_features': 0,
    'translation_key': 'add_preset_custom',
    'unique_id': 'add_preset_0',
    'unit_of_measurement': None,
  })
# ---
# name: test_all_entities[button.mount_add_preset_0-state]
  StateSnapshot({
    'attributes': ReadOnlyDict({
      'friendly_name': 'Mount Add preset 0',
      'icon': 'mdi:plus',
    }),
    'context': <ANY>,
    'entity_id': 'button.mount_add_preset_0',
    'last_changed': <ANY>,
    'last_reported': <ANY>,
    'last_updated': <ANY>,
    'state': 'unavailable',
  })
# ---
# name: test_all_entities[button.mount_add_preset_1-entry]
  EntityRegistryEntrySnapshot({
    'aliases': set({
    }),
    'area_id': None,
    'capabilities': None,
    'config_entry_id': <ANY>,
    'config_subentry_id': <ANY>,
    'device_class': None,
    'device_id': <ANY>,
    'disabled_by': None,
    'domain': 'button',
    'entity_category': <EntityCategory.CONFIG: 'config'>,
    'entity_id': 'button.mount_add_preset_1',
    'has_entity_name': True,
    'hidden_by': None,
    'icon': None,
    'id': <ANY>,
    'labels': set({
    }),
    'name': None,
    'options': dict({
    }),
    'original_device_class': None,
    'original_icon': 'mdi:plus',
    'original_name': 'Add preset 1',
    'platform': 'vogels_motion_mount_ble',
    'previous_unique_id': None,
    'suggested_object_id': None,
    'supported_features': 0,
    'translation_key': 'add_preset_custom',
    'unique_id': 'add_preset_1',
    'unit_of_measurement': None,
  })
# ---
# name: test_all_entities[button.mount_add_preset_1-state]
  StateSnapshot({
    'attributes': ReadOnlyDict({
      'friendly_name': 'Mount Add preset 1',
      'icon': 'mdi:plus',
    }),
    'context': <ANY>,
    'entity_id': 'button.mount_add_preset_1',
    'last_changed': <ANY>,
    'last_reported': <ANY>,
    'last_updated': <ANY>,
    'state': 'unavailable',
  })
# ---
# name: test_all_entities[button.mount_add_preset_2-entry]
  EntityRegistryEntrySnapshot({
    'aliases': set({
    }),
    'area_id': None,
    'capabilities': None,
    'config_entry_id': <ANY>,
    'config_subentry_id': <ANY>,
    'device_class': None,
    'device_id': <ANY>,
    'disabled_by': None,
    'domain': 'button',
    'entity_category': <EntityCategory.CONFIG: 'config'>,
    'entity_id': 'button.mount_add_preset_2',
    'has_entity_name': True,
    'hidden_by': None,
    'icon': None,
    'id': <ANY>,
    'labels': set({
    }),
    'name': None,
    'options': dict({
    }),
    'original_device_class': None,
    'original_icon': 'mdi:plus',
    'original_name': 'Add preset 2',
    'platform': 'vogels_motion_mount_ble',
    'previous_unique_id': None,
    'suggested_object_id': None,
    'supported_features': 0,
    'translation_key': 'add_preset_custom',
    'unique_id': 'add_preset_2',
    'unit_of_measurement': None,
  })
# ---
# name: test_all_entities[button.mount_add_preset_2-state]
  StateSnapshot({
    'attributes': ReadOnlyDict({
      'friendly_name': 'Mount Add preset 2',
      'icon': 'mdi:plus',
    }),
    'context': <ANY>,
    'entity_id': 'button.mount_add_preset_2',
    'last_changed': <ANY>,
    'last_reported': <ANY>,
    'last_updated': <ANY>,
    'state': 'unavailable',
  })
# ---
# name: test_all_entities[button.mount_add_preset_3-entry]
  EntityRegistryEntrySnapshot({
    'aliases': set({
    }),
    'area_id': None,
    'capabilities': None,
    'config_entry_id': <ANY>,
    'config_subentry_id': <ANY>,
    'device_class': None,
    'device_id': <ANY>,
    'disabled_by': None,
    'domain': 'button',
    'entity_category': <EntityCategory.CONFIG: 'config'>,
    'entity_id': 'button.mount_add_preset_3',
    'has_entity_name': True,
    'hidden_by': None,
    'icon': None,
    'id': <ANY>,
    'labels': set({
    }),
    'name': None,
    'options': dict({
    }),
    'original_device_class': None,
    'original_icon': 'mdi:plus',
    'original_name': 'Add preset 3',
    'platform': 'vogels_motion_mount_ble',
    'previous_unique_id': None,
    'suggested_object_id': None,
    'supported_features': 0,
    'translation_key': 'add_preset_custom',
    'unique_id': 'add_preset_3',
    'unit_of_measurement': None,
  })
# ---
# name: test_all_entities[button.mount_add_preset_3-state]
  StateSnapshot({
    'attributes': ReadOnlyDict({
      'friendly_name': 'Mount Add preset 3',
      'icon': 'mdi:plus',
    }),
    'context': <ANY>,
    'entity_id': 'button.mount_add_preset_3',
    'last_changed': <ANY>,
    'last_reported': <ANY>,
    'last_updated': <ANY>,
    'state': 'unavailable',
  })
# ---
# name: test_all_entities[button.mount_add_preset_4-entry]
  EntityRegistryEntrySnapshot({
    'aliases': set({
    }),
    'area_id': None,
    'capabilities': None,
    'config_entry_id': <ANY>,
    'config_subentry_id': <ANY>,
    'device_class': None,
    'device_id': <ANY>,
    'disabled_by': None,
    'domain': 'button',
    'entity_category': <EntityCategory.CONFIG: 'config'>,
    'entity_id': 'button.mount_add_preset_4',
    'has_entity_name': True,
    'hidden_by': None,
    'icon': None,
    'id': <ANY>,
    'labels': set({
    }),
    'name': None,
    'options': dict({
    }),
    'original_device_class': None,
    'original_icon': 'mdi:plus',
    'original_name': 'Add preset 4',
    'platform': 'vogels_motion_mount_ble',
    'previous_unique_id': None,
    'suggested_object_id': None,
    'supported_features': 0,
    'translation_key': 'add_preset_custom',
    'unique_id': 'add_preset_4',
    'unit_of_measurement': None,
  })
# ---
# name: test_all_entities[button.mount_add_preset_4-state]
  StateSnapshot({
    'attributes': ReadOnlyDict({
      'friendly_name': 'Mount Add preset 4',
      'icon': 'mdi:plus',
    }),
    'context': <ANY>,
    'entity_id': 'button.mount_add_preset_4',
    'last_changed': <ANY>,
    'last_reported': <ANY>,
    'last_updated': <ANY>,
    'state': 'unavailable',
  })
# ---
# name: test_all_entities[button.mount_add_preset_5-entry]
  EntityRegistryEntrySnapshot({
    'aliases': set({
    }),
    'area_id': None,
    'capabilities': None,
    'config_entry_id': <ANY>,
    'config_subentry_id': <ANY>,
    'device_class': None,
    'device_id': <ANY>,
    'disabled_by': None,
    'domain': 'button',
    'entity_category': <EntityCategory.CONFIG: 'config'>,
    'entity_id': 'button.mount_add_preset_5',
    'has_entity_name': True,
    'hidden_by': None,
    'icon': None,
    'id': <ANY>,
    'labels': set({
    }),
    'name': None,
    'options': dict({
    }),
    'original_device_class': None,
    'original_icon': 'mdi:plus',
    'original_name': 'Add preset 5',
    'platform': 'vogels_motion_mount_ble',
    'previous_unique_id': None,
    'suggested_object_id': None,
    'supported_features': 0,
    'translation_key': 'add_preset_custom',
    'unique_id': 'add_preset_5',
    'unit_of_measurement': None,
  })
# ---
# name: test_all_entities[button.mount_add_preset_5-state]
  StateSnapshot({
    'attributes': ReadOnlyDict({
      'friendly_name': 'Mount Add preset 5',
      'icon': 'mdi:plus',
    }),
    'context': <ANY>,
    'entity_id': 'button.mount_add_preset_5',
    'last_changed': <ANY>,
    'last_reported': <ANY>,
    'last_updated': <ANY>,
    'state': 'unavailable',
  })
# ---
# name: test_all_entities[button.mount_add_preset_6-entry]
  EntityRegistryEntrySnapshot({
    'aliases': set({
    }),
    'area_id': None,
    'capabilities': None,
    'config_entry_id': <ANY>,
    'config_subentry_id': <ANY>,
    'device_class': None,
    'device_id': <ANY>,
    'disabled_by': None,
    'domain': 'button',
    'entity_category': <EntityCategory.CONFIG: 'config'>,
    'entity_id': 'button.mount_add_preset_6',
    'has_entity_name': True,
    'hidden_by': None,
    'icon': None,
    'id': <ANY>,
    'labels': set({
    }),
    'name': None,
    'options': dict({
    }),
    'original_device_class': None,
    'original_icon': 'mdi:plus',
    'original_name': 'Add preset 6',
    'platform': 'vogels_motion_mount_ble',
    'previous_unique_id': None,
    'suggested_object_id': None,
    'supported_features': 0,
    'translation_key': 'add_preset_custom',
    'unique_id': 'add_preset_6',
    'unit_of_measurement': None,
  })
# ---
# name: test_all_entities[button.mount_add_preset_6-state]
  StateSnapshot({
    'attributes': ReadOnlyDict({
      'friendly_name': 'Mount Add preset 6',
      'icon': 'mdi:plus',
    }),
    'context': <ANY>,
    'entity_id': 'button.mount_add_preset_6',
    'last_changed': <ANY>,
    'last_reported': <ANY>,
    'last_updated': <ANY>,
    'state': 'unavailable',
  })
# ---
# name: test_all_entities[button.mount_delete_preset_0-entry]
  EntityRegistryEntrySnapshot({
    'aliases': set({
    }),
    'area_id': None,
    'capabilities': None,
    'config_entry_id': <ANY>,
    'config_subentry_id': <ANY>,
    'device_class': None,
    'device_id': <ANY>,
    'disabled_by': None,
    'domain': 'button',
    'entity_category': <EntityCategory.CONFIG: 'config'>,
    'entity_id': 'button.mount_delete_preset_0',
    'has_entity_name': True,
    'hidden_by': None,
    'icon': None,
    'id': <ANY>,
    'labels': set({
    }),
    'name': None,
    'options': dict({
    }),
    'original_device_class': None,
    'original_icon': 'mdi:delete',
    'original_name': 'Delete preset 0',
    'platform': 'vogels_motion_mount_ble',
    'previous_unique_id': None,
    'suggested_object_id': None,
    'supported_features': 0,
    'translation_key': 'delete_preset_custom',
    'unique_id': 'delete_preset_0',
    'unit_of_measurement': None,
  })
# ---
# name: test_all_entities[button.mount_delete_preset_0-state]
  StateSnapshot({
    'attributes': ReadOnlyDict({
      'friendly_name': 'Mount Delete preset 0',
      'icon': 'mdi:delete',
    }),
    'context': <ANY>,
    'entity_id': 'button.mount_delete_preset_0',
    'last_changed': <ANY>,
    'last_reported': <ANY>,
    'last_updated': <ANY>,
    'state': 'unavailable',
  })
# ---
# name: test_all_entities[button.mount_delete_preset_1-entry]
  EntityRegistryEntrySnapshot({
    'aliases': set({
    }),
    'area_id': None,
    'capabilities': None,
    'config_entry_id': <ANY>,
    'config_subentry_id': <ANY>,
    'device_class': None,
    'device_id': <ANY>,
    'disabled_by': None,
    'domain': 'button',
    'entity_category': <EntityCategory.CONFIG: 'config'>,
    'entity_id': 'button.mount_delete_preset_1',
    'has_entity_name': True,
    'hidden_by': None,
    'icon': None,
    'id': <ANY>,
    'labels': set({
    }),
    'name': None,
    'options': dict({
    }),
    'original_device_class': None,
    'original_icon': 'mdi:delete',
    'original_name': 'Delete preset 1',
    'platform': 'vogels_motion_mount_ble',
    'previous_unique_id': None,
    'suggested_object_id': None,
    'supported_features': 0,
    'translation_key': 'delete_preset_custom',
    'unique_id': 'delete_preset_1',
    'unit_of_measurement': None,
  })
# ---
# name: test_all_entities[button.mount_delete_preset_1-state]
  StateSnapshot({
    'attributes': ReadOnlyDict({
      'friendly_name': 'Mount Delete preset 1',
      'icon': 'mdi:delete',
    }),
    'context': <ANY>,
    'entity_id': 'button.mount_delete_preset_1',
    'last_changed': <ANY>,
    'last_reported': <ANY>,
    'last_updated': <ANY>,
    'state': 'unavailable',
  })
# ---
# name: test_all_entities[button.mount_delete_preset_2-entry]
  EntityRegistryEntrySnapshot({
    'aliases': set({
    }),
    'area_id': None,
    'capabilities': None,
    'config_entry_id': <ANY>,
    'config_subentry_id': <ANY>,
    'device_class': None,
    'device_id': <ANY>,
    'disabled_by': None,
    'domain': 'button',
    'entity_category': <EntityCategory.CONFIG: 'config'>,
    'entity_id': 'button.mount_delete_preset_2',
    'has_entity_name': True,
    'hidden_by': None,
    'icon': None,
    'id': <ANY>,
    'labels': set({
    }),
    'name': None,
    'options': dict({
    }),
    'original_device_class': None,
    'original_icon': 'mdi:delete',
    'original_name': 'Delete preset 2',
    'platform': 'vogels_motion_mount_ble',
    'previous_unique_id': None,
    'suggested_object_id': None,
    'supported_features': 0,
    'translation_key': 'delete_preset_custom',
    'unique_id': 'delete_preset_2',
    'unit_of_measurement': None,
  })
# ---
# name: test_all_entities[button.mount_delete_preset_2-state]
  StateSnapshot({
    'attributes': ReadOnlyDict({
      'friendly_name': 'Mount Delete preset 2',
      'icon': 'mdi:delete',
    }),
    'context': <ANY>,
    'entity_id': 'button.mount_delete_preset_2',
    'last_changed': <ANY>,
    'last_reported': <ANY>,
    'last_updated': <ANY>,
    'state': 'unavailable',
  })
# ---
# name: test_all_entities[button.mount_delete_preset_3-entry]
  EntityRegistryEntrySnapshot({
    'aliases': set({
    }),
    'area_id': None,
    'capabilities': None,
    'config_entry_id': <ANY>,
    'config_subentry_id': <ANY>,
    'device_class': None,
    'device_id': <ANY>,
    'disabled_by': None,
    'domain': 'button',
    'entity_category': <EntityCategory.CONFIG: 'config'>,
    'entity_id': 'button.mount_delete_preset_3',
    'has_entity_name': True,
    'hidden_by': None,
    'icon': None,
    'id': <ANY>,
    'labels': set({
    }),
    'name': None,
    'options': dict({
    }),
    'original_device_class': None,
    'original_icon': 'mdi:delete',
    'original_name': 'Delete preset 3',
    'platform': 'vogels_motion_mount_ble',
    'previous_unique_id': None,
    'suggested_object_id': None,
    'supported_features': 0,
    'translation_key': 'delete_preset_custom',
    'unique_id': 'delete_preset_3',
    'unit_of_measurement': None,
  })
# ---
# name: test_all_entities[button.mount_delete_preset_3-state]
  StateSnapshot({
    'attributes': ReadOnlyDict({
      'friendly_name': 'Mount Delete preset 3',
      'icon': 'mdi:delete',
    }),
    'context': <ANY>,
    'entity_id': 'button.mount_delete_preset_3',
    'last_changed': <ANY>,
    'last_reported': <ANY>,
    'last_updated': <ANY>,
    'state': 'unavailable',
  })
# ---
# name: test_all_entities[button.mount_delete_preset_4-entry]
  EntityRegistryEntrySnapshot({
    'aliases': set({
    }),
    'area_id': None,
    'capabilities': None,
    'config_entry_id': <ANY>,
    'config_subentry_id': <ANY>,
    'device_class': None,
    'device_id': <ANY>,
    'disabled_by': None,
    'domain': 'button',
    'entity_category': <EntityCategory.CONFIG: 'config'>,
    'entity_id': 'button.mount_delete_preset_4',
    'has_entity_name': True,
    'hidden_by': None,
    'icon': None,
    'id': <ANY>,
    'labels': set({
    }),
    'name': None,
    'options': dict({
    }),
    'original_device_class': None,
    'original_icon': 'mdi:delete',
    'original_name': 'Delete preset 4',
    'platform': 'vogels_motion_mount_ble',
    'previous_unique_id': None,
    'suggested_object_id': None,
    'supported_features': 0,
    'translation_key': 'delete_preset_custom',
    'unique_id': 'delete_preset_4',
    'unit_of_measurement': None,
  })
# ---
# name: test_all_entities[button.mount_delete_preset_4-state]
  StateSnapshot({
    'attributes': ReadOnlyDict({
      'friendly_name': 'Mount Delete preset 4',
      'icon': 'mdi:delete',
    }),
    'context': <ANY>,
    'entity_id': 'button.mount_delete_preset_4',
    'last_changed': <ANY>,
    'last_reported': <ANY>,
    'last_updated': <ANY>,
    'state': 'unavailable',
  })
# ---
# name: test_all_entities[button.mount_delete_preset_5-entry]
  EntityRegistryEntrySnapshot({
    'aliases': set({
    }),
    'area_id': None,
    'capabilities': None,
    'config_entry_id': <ANY>,
    'config_subentry_id': <ANY>,
    'device_class': None,
    'device_id': <ANY>,
    'disabled_by': None,
    'domain': 'button',
    'entity_category': <EntityCategory.CONFIG: 'config'>,
    'entity_id': 'button.mount_delete_preset_5',
    'has_entity_name': True,
    'hidden_by': None,
    'icon': None,
    'id': <ANY>,
    'labels': set({
    }),
    'name': None,
    'options': dict({
    }),
    'original_device_class': None,
    'original_icon': 'mdi:delete',
    'original_name': 'Delete preset 5',
    'platform': 'vogels_motion_mount_ble',
    'previous_unique_id': None,
    'suggested_object_id': None,
    'supported_features': 0,
    'translation_key': 'delete_preset_custom',
    'unique_id': 'delete_preset_5',
    'unit_of_measurement': None,
  })
# ---
# name: test_all_entities[button.mount_delete_preset_5-state]
  StateSnapshot({
    'attributes': ReadOnlyDict({
      'friendly_name': 'Mount Delete preset 5',
      'icon': 'mdi:delete',
    }),
    'context': <ANY>,
    'entity_id': 'button.mount_delete_preset_5',
    'last_changed': <ANY>,
    'last_reported': <ANY>,
    'last_updated': <ANY>,
    'state': 'unavailable',
  })
# ---
# name: test_all_entities[button.mount_delete_preset_6-entry]
  EntityRegistryEntrySnapshot({
    'aliases': set({
    }),
    'area_id': None,
    'capabilities': None,
    'config_entry_id': <ANY>,
    'config_subentry_id': <ANY>,
    'device_class': None,
    'device_id': <ANY>,
    'disabled_by': None,
    'domain': 'button',
    'entity_category': <EntityCategory.CONFIG: 'config'>,
    'entity_id': 'button.mount_delete_preset_6',
    'has_entity_name': True,
    'hidden_by': None,
    'icon': None,
    'id': <ANY>,
    'labels': set({
    }),
    'name': None,
    'options': dict({
    }),
    'original_device_class': None,
    'original_icon': 'mdi:delete',
    'original_name': 'Delete preset 6',
    'platform': 'vogels_motion_mount_ble',
    'previous_unique_id': None,
    'suggested_object_id': None,
    'supported_features': 0,
    'translation_key': 'delete_preset_custom',
    'unique_id': 'delete_preset_6',
    'unit_of_measurement': None,
  })
# ---
# name: test_all_entities[button.mount_delete_preset_6-state]
  StateSnapshot({
    'attributes': ReadOnlyDict({
      'friendly_name': 'Mount Delete preset 6',
      'icon': 'mdi:delete',
    }),
    'context': <ANY>,
    'entity_id': 'button.mount_delete_preset_6',
    'last_changed': <ANY>,
    'last_reported': <ANY>,
    'last_updated': <ANY>,
    'state': 'unavailable',
  })
# ---
# name: test_all_entities[button.mount_disconnect-entry]
  EntityRegistryEntrySnapshot({
    'aliases': set({
    }),
    'area_id': None,
    'capabilities': None,
    'config_entry_id': <ANY>,
    'config_subentry_id': <ANY>,
    'device_class': None,
    'device_id': <ANY>,
    'disabled_by': None,
    'domain': 'button',
    'entity_category': <EntityCategory.DIAGNOSTIC: 'diagnostic'>,
    'entity_id': 'button.mount_disconnect',
    'has_entity_name': True,
    'hidden_by': None,
    'icon': None,
    'id': <ANY>,
    'labels': set({
    }),
    'name': None,
    'options': dict({
    }),
    'original_device_class': None,
    'original_icon': 'mdi:power-plug-off',
    'original_name': 'Disconnect',
    'platform': 'vogels_motion_mount_ble',
    'previous_unique_id': None,
    'suggested_object_id': None,
    'supported_features': 0,
    'translation_key': 'disconnect',
    'unique_id': 'disconnect',
    'unit_of_measurement': None,
  })
# ---
# name: test_all_entities[button.mount_disconnect-state]
  StateSnapshot({
    'attributes': ReadOnlyDict({
      'friendly_name': 'Mount Disconnect',
      'icon': 'mdi:power-plug-off',
    }),
    'context': <ANY>,
    'entity_id': 'button.mount_disconnect',
    'last_changed': <ANY>,
    'last_reported': <ANY>,
    'last_updated': <ANY>,
    'state': 'unknown',
  })
# ---
# name: test_all_entities[button.mount_refresh_data-entry]
  EntityRegistryEntrySnapshot({
    'aliases': set({
    }),
    'area_id': None,
    'capabilities': None,
    'config_entry_id': <ANY>,
    'config_subentry_id': <ANY>,
    'device_class': None,
    'device_id': <ANY>,
    'disabled_by': None,
    'domain': 'button',
    'entity_category': <EntityCategory.DIAGNOSTIC: 'diagnostic'>,
    'entity_id': 'button.mount_refresh_data',
    'has_entity_name': True,
    'hidden_by': None,
    'icon': None,
    'id': <ANY>,
    'labels': set({
    }),
    'name': None,
    'options': dict({
    }),
    'original_device_class': None,
    'original_icon': 'mdi:refresh',
    'original_name': 'Refresh Data',
    'platform': 'vogels_motion_mount_ble',
    'previous_unique_id': None,
    'suggested_object_id': None,
    'supported_features': 0,
    'translation_key': 'refresh_data',
    'unique_id': 'refresh_data',
    'unit_of_measurement': None,
  })
# ---
# name: test_all_entities[button.mount_refresh_data-state]
  StateSnapshot({
    'attributes': ReadOnlyDict({
      'friendly_name': 'Mount Refresh Data',
      'icon': 'mdi:refresh',
    }),
    'context': <ANY>,
    'entity_id': 'button.mount_refresh_data',
    'last_changed': <ANY>,
    'last_reported': <ANY>,
    'last_updated': <ANY>,
    'state': 'unknown',
  })
# ---
# name: test_all_entities[button.mount_select_default_preset-entry]
  EntityRegistryEntrySnapshot({
    'aliases': set({
    }),
    'area_id': None,
    'capabilities': None,
    'config_entry_id': <ANY>,
    'config_subentry_id': <ANY>,
    'device_class': None,
    'device_id': <ANY>,
    'disabled_by': None,
    'domain': 'button',
    'entity_category': None,
    'entity_id': 'button.mount_select_default_preset',
    'has_entity_name': True,
    'hidden_by': None,
    'icon': None,
    'id': <ANY>,
    'labels': set({
    }),
    'name': None,
    'options': dict({
    }),
    'original_device_class': None,
    'original_icon': 'mdi:wall',
    'original_name': 'Select default preset',
    'platform': 'vogels_motion_mount_ble',
    'previous_unique_id': None,
    'suggested_object_id': None,
    'supported_features': 0,
    'translation_key': 'select_preset_default',
    'unique_id': 'select_preset_default',
    'unit_of_measurement': None,
  })
# ---
# name: test_all_entities[button.mount_select_default_preset-state]
  StateSnapshot({
    'attributes': ReadOnlyDict({
      'friendly_name': 'Mount Select default preset',
      'icon': 'mdi:wall',
    }),
    'context': <ANY>,
    'entity_id': 'button.mount_select_default_preset',
    'last_changed': <ANY>,
    'last_reported': <ANY>,
    'last_updated': <ANY>,
    'state': 'unknown',
  })
# ---
# name: test_all_entities[button.mount_select_preset_0-entry]
  EntityRegistryEntrySnapshot({
    'aliases': set({
    }),
    'area_id': None,
    'capabilities': None,
    'config_entry_id': <ANY>,
    'config_subentry_id': <ANY>,
    'device_class': None,
    'device_id': <ANY>,
    'disabled_by': None,
    'domain': 'button',
    'entity_category': None,
    'entity_id': 'button.mount_select_preset_0',
    'has_entity_name': True,
    'hidden_by': None,
    'icon': None,
    'id': <ANY>,
    'labels': set({
    }),
    'name': None,
    'options': dict({
    }),
    'original_device_class': None,
    'original_icon': 'mdi:rotate-3d',
    'original_name': 'Select preset 0',
    'platform': 'vogels_motion_mount_ble',
    'previous_unique_id': None,
    'suggested_object_id': None,
    'supported_features': 0,
    'translation_key': 'select_preset_custom',
    'unique_id': 'select_preset_id_0',
    'unit_of_measurement': None,
  })
# ---
# name: test_all_entities[button.mount_select_preset_0-state]
  StateSnapshot({
    'attributes': ReadOnlyDict({
      'friendly_name': 'Mount Select preset 0',
      'icon': 'mdi:rotate-3d',
    }),
    'context': <ANY>,
    'entity_id': 'button.mount_select_preset_0',
    'last_changed': <ANY>,
    'last_reported': <ANY>,
    'last_updated': <ANY>,
    'state': 'unavailable',
  })
# ---
# name: test_all_entities[button.mount_select_preset_1-entry]
  EntityRegistryEntrySnapshot({
    'aliases': set({
    }),
    'area_id': None,
    'capabilities': None,
    'config_entry_id': <ANY>,
    'config_subentry_id': <ANY>,
    'device_class': None,
    'device_id': <ANY>,
    'disabled_by': None,
    'domain': 'button',
    'entity_category': None,
    'entity_id': 'button.mount_select_preset_1',
    'has_entity_name': True,
    'hidden_by': None,
    'icon': None,
    'id': <ANY>,
    'labels': set({
    }),
    'name': None,
    'options': dict({
    }),
    'original_device_class': None,
    'original_icon': 'mdi:rotate-3d',
    'original_name': 'Select preset 1',
    'platform': 'vogels_motion_mount_ble',
    'previous_unique_id': None,
    'suggested_object_id': None,
    'supported_features': 0,
    'translation_key': 'select_preset_custom',
    'unique_id': 'select_preset_id_1',
    'unit_of_measurement': None,
  })
# ---
# name: test_all_entities[button.mount_select_preset_1-state]
  StateSnapshot({
    'attributes': ReadOnlyDict({
      'friendly_name': 'Mount Select preset 1',
      'icon': 'mdi:rotate-3d',
    }),
    'context': <ANY>,
    'entity_id': 'button.mount_select_preset_1',
    'last_changed': <ANY>,
    'last_reported': <ANY>,
    'last_updated': <ANY>,
    'state': 'unavailable',
  })
# ---
# name: test_all_entities[button.mount_select_preset_2-entry]
  EntityRegistryEntrySnapshot({
    'aliases': set({
    }),
    'area_id': None,
    'capabilities': None,
    'config_entry_id': <ANY>,
    'config_subentry_id': <ANY>,
    'device_class': None,
    'device_id': <ANY>,
    'disabled_by': None,
    'domain': 'button',
    'entity_category': None,
    'entity_id': 'button.mount_select_preset_2',
    'has_entity_name': True,
    'hidden_by': None,
    'icon': None,
    'id': <ANY>,
    'labels': set({
    }),
    'name': None,
    'options': dict({
    }),
    'original_device_class': None,
    'original_icon': 'mdi:rotate-3d',
    'original_name': 'Select preset 2',
    'platform': 'vogels_motion_mount_ble',
    'previous_unique_id': None,
    'suggested_object_id': None,
    'supported_features': 0,
    'translation_key': 'select_preset_custom',
    'unique_id': 'select_preset_id_2',
    'unit_of_measurement': None,
  })
# ---
# name: test_all_entities[button.mount_select_preset_2-state]
  StateSnapshot({
    'attributes': ReadOnlyDict({
      'friendly_name': 'Mount Select preset 2',
      'icon': 'mdi:rotate-3d',
    }),
    'context': <ANY>,
    'entity_id': 'button.mount_select_preset_2',
    'last_changed': <ANY>,
    'last_reported': <ANY>,
    'last_updated': <ANY>,
    'state': 'unavailable',
  })
# ---
# name: test_all_entities[button.mount_select_preset_3-entry]
  EntityRegistryEntrySnapshot({
    'aliases': set({
    }),
    'area_id': None,
    'capabilities': None,
    'config_entry_id': <ANY>,
    'config_subentry_id': <ANY>,
    'device_class': None,
    'device_id': <ANY>,
    'disabled_by': None,
    'domain': 'button',
    'entity_category': None,
    'entity_id': 'button.mount_select_preset_3',
    'has_entity_name': True,
    'hidden_by': None,
    'icon': None,
    'id': <ANY>,
    'labels': set({
    }),
    'name': None,
    'options': dict({
    }),
    'original_device_class': None,
    'original_icon': 'mdi:rotate-3d',
    'original_name': 'Select preset 3',
    'platform': 'vogels_motion_mount_ble',
    'previous_unique_id': None,
    'suggested_object_id': None,
    'supported_features': 0,
    'translation_key': 'select_preset_custom',
    'unique_id': 'select_preset_id_3',
    'unit_of_measurement': None,
  })
# ---
# name: test_all_entities[button.mount_select_preset_3-state]
  StateSnapshot({
    'attributes': ReadOnlyDict({
      'friendly_name': 'Mount Select preset 3',
      'icon': 'mdi:rotate-3d',
    }),
    'context': <ANY>,
    'entity_id': 'button.mount_select_preset_3',
    'last_changed': <ANY>,
    'last_reported': <ANY>,
    'last_updated': <ANY>,
    'state': 'unavailable',
  })
# ---
# name: test_all_entities[button.mount_select_preset_4-entry]
  EntityRegistryEntrySnapshot({
    'aliases': set({
    }),
    'area_id': None,
    'capabilities': None,
    'config_entry_id': <ANY>,
    'config_subentry_id': <ANY>,
    'device_class': None,
    'device_id': <ANY>,
    'disabled_by': None,
    'domain': 'button',
    'entity_category': None,
    'entity_id': 'button.mount_select_preset_4',
    'has_entity_name': True,
    'hidden_by': None,
    'icon': None,
    'id': <ANY>,
    'labels': set({
    }),
    'name': None,
    'options': dict({
    }),
    'original_device_class': None,
    'original_icon': 'mdi:rotate-3d',
    'original_name': 'Select preset 4',
    'platform': 'vogels_motion_mount_ble',
    'previous_unique_id': None,
    'suggested_object_id': None,
    'supported_features': 0,
    'translation_key': 'select_preset_custom',
    'unique_id': 'select_preset_id_4',
    'unit_of_measurement': None,
  })
# ---
# name: test_all_entities[button.mount_select_preset_4-state]
  StateSnapshot({
    'attributes': ReadOnlyDict({
      'friendly_name': 'Mount Select preset 4',
      'icon': 'mdi:rotate-3d',
    }),
    'context': <ANY>,
    'entity_id': 'button.mount_select_preset_4',
    'last_changed': <ANY>,
    'last_reported': <ANY>,
    'last_updated': <ANY>,
    'state': 'unavailable',
  })
# ---
# name: test_all_entities[button.mount_select_preset_5-entry]
  EntityRegistryEntrySnapshot({
    'aliases': set({
    }),
    'area_id': None,
    'capabilities': None,
    'config_entry_id': <ANY>,
    'config_subentry_id': <ANY>,
    'device_class': None,
    'device_id': <ANY>,
    'disabled_by': None,
    'domain': 'button',
    'entity_category': None,
    'entity_id': 'button.mount_select_preset_5',
    'has_entity_name': True,
    'hidden_by': None,
    'icon': None,
    'id': <ANY>,
    'labels': set({
    }),
    'name': None,
    'options': dict({
    }),
    'original_device_class': None,
    'original_icon': 'mdi:rotate-3d',
    'original_name': 'Select preset 5',
    'platform': 'vogels_motion_mount_ble',
    'previous_unique_id': None,
    'suggested_object_id': None,
    'supported_features': 0,
    'translation_key': 'select_preset_custom',
    'unique_id': 'select_preset_id_5',
    'unit_of_measurement': None,
  })
# ---
# name: test_all_entities[button.mount_select_preset_5-state]
  StateSnapshot({
    'attributes': ReadOnlyDict({
      'friendly_name': 'Mount Select preset 5',
      'icon': 'mdi:rotate-3d',
    }),
    'context': <ANY>,
    'entity_id': 'button.mount_select_preset_5',
    'last_changed': <ANY>,
    'last_reported': <ANY>,
    'last_updated': <ANY>,
    'state': 'unavailable',
  })
# ---
# name: test_all_entities[button.mount_select_preset_6-entry]
  EntityRegistryEntrySnapshot({
    'aliases': set({
    }),
    'area_id': None,
    'capabilities': None,
    'config_entry_id': <ANY>,
    'config_subentry_id': <ANY>,
    'device_class': None,
    'device_id': <ANY>,
    'disabled_by': None,
    'domain': 'button',
    'entity_category': None,
    'entity_id': 'button.mount_select_preset_6',
    'has_entity_name': True,
    'hidden_by': None,
    'icon': None,
    'id': <ANY>,
    'labels': set({
    }),
    'name': None,
    'options': dict({
    }),
    'original_device_class': None,
    'original_icon': 'mdi:rotate-3d',
    'original_name': 'Select preset 6',
    'platform': 'vogels_motion_mount_ble',
    'previous_unique_id': None,
    'suggested_object_id': None,
    'supported_features': 0,
    'translation_key': 'select_preset_custom',
    'unique_id': 'select_preset_id_6',
    'unit_of_measurement': None,
  })
# ---
# name: test_all_entities[button.mount_select_preset_6-state]
  StateSnapshot({
    'attributes': ReadOnlyDict({
      'friendly_name': 'Mount Select preset 6',
      'icon': 'mdi:rotate-3d',
    }),
    'context': <ANY>,
    'entity_id': 'button.mount_select_preset_6',
    'last_changed': <ANY>,
    'last_reported': <ANY>,
    'last_updated': <ANY>,
    'state': 'unavailable',
  })
# ---
# name: test_all_entities[button.mount_start_calibration-entry]
  EntityRegistryEntrySnapshot({
    'aliases': set({
    }),
    'area_id': None,
    'capabilities': None,
    'config_entry_id': <ANY>,
    'config_subentry_id': <ANY>,
    'device_class': None,
    'device_id': <ANY>,
    'disabled_by': None,
    'domain': 'button',
    'entity_category': <EntityCategory.DIAGNOSTIC: 'diagnostic'>,
    'entity_id': 'button.mount_start_calibration',
    'has_entity_name': True,
    'hidden_by': None,
    'icon': None,
    'id': <ANY>,
    'labels': set({
    }),
    'name': None,
    'options': dict({
    }),
    'original_device_class': None,
    'original_icon': 'mdi:rotate-3d',
    'original_name': 'Start calibration',
    'platform': 'vogels_motion_mount_ble',
    'previous_unique_id': None,
    'suggested_object_id': None,
    'supported_features': 0,
    'translation_key': 'start_calibration',
    'unique_id': 'start_calibration',
    'unit_of_measurement': None,
  })
# ---
# name: test_all_entities[button.mount_start_calibration-state]
  StateSnapshot({
    'attributes': ReadOnlyDict({
      'friendly_name': 'Mount Start calibration',
      'icon': 'mdi:rotate-3d',
    }),
    'context': <ANY>,
    'entity_id': 'button.mount_start_calibration',
    'last_changed': <ANY>,
    'last_reported': <ANY>,
    'last_updated': <ANY>,
    'state': 'unknown',
  })
# ---
