# serializer version: 1
# name: test_diagnostics
  dict({
    'config_entry_data': dict({
      'conf_mac': '**REDACTED**',
      'conf_name': 'Mount',
      'conf_pin': '**REDACTED**',
    }),
    'vogels_motion_mount_ble_data': dict({
      '__type': "<class 'custom_components.vogels_motion_mount_ble.data.VogelsMotionMountData'>",
      'repr': "VogelsMotionMountData(automove=<VogelsMotionMountAutoMoveType.Hdmi_1_On: 0>, available=True, connected=True, distance=100, freeze_preset_index=0, multi_pin_features=VogelsMotionMountMultiPinFeatures(change_default_position=True, change_name=True, change_presets=True, change_tv_on_off_detection=False, disable_channel=False, start_calibration=True), name='Living Room Mount', pin_setting=<VogelsMotionMountPinSettings.Single: 13>, presets=[VogelsMotionMountPreset(index=0, data=VogelsMotionMountPresetData(distance=80, name='Movie Mode', rotation=15)), VogelsMotionMountPreset(index=1, data=VogelsMotionMountPresetData(distance=80, name='Movie Mode', rotation=15)), VogelsMotionMountPreset(index=2, data=VogelsMotionMountPresetData(distance=80, name='Movie Mode', rotation=15)), VogelsMotionMountPreset(index=3, data=VogelsMotionMountPresetData(distance=100, name='Gaming Mode', rotation=-10)), VogelsMotionMountPreset(index=4, data=VogelsMotionMountPresetData(distance=80, name='Movie Mode', rotation=15)), VogelsMotionMountPreset(index=5, data=VogelsMotionMountPresetData(distance=80, name='Movie Mode', rotation=15)), VogelsMotionMountPreset(index=6, data=VogelsMotionMountPresetData(distance=80, name='Movie Mode', rotation=15))], rotation=5, tv_width=140, versions=VogelsMotionMountVersions(ceb_bl_version='1.0.0', mcp_bl_version='1.0.1', mcp_fw_version='2.0.0', mcp_hw_version='revA'), permissions=VogelsMotionMountPermissions(auth_status=VogelsMotionMountAuthenticationStatus(auth_type=<VogelsMotionMountAuthenticationType.Full: 2>, cooldown=None), change_settings=True, change_default_position=True, change_name=True, change_presets=True, change_tv_on_off_detection=True, disable_channel=False, start_calibration=True), requested_distance=None, requested_rotation=None)",
    }),
  })
# ---
